// Jest Snapshot v1, https://goo.gl/fbAQLP

exports[`List component tests renders the UI as expected with header = myHeader and allCards = ??? 1`] = `
<section
  name="List"
>
  <header
    name="List-header"
  >
    <h2>
      header=
      myHeader
    </h2>
  </header>
  <div
    name="List-cards"
  >
    allCards}
    <button
      name="List-add-button"
      type="button"
    >
      + Add Random Card
    </button>
  </div>
</section>
`;
